// Jest Snapshot v1, https://goo.gl/fbAQLP

exports[`should render a list of the players 1`] = `
<div>
  <section>
    <p>
      <a
        href="/"
      >
        Back to Homepage
      </a>
    </p>
    <ul
      aria-label="Player List"
      class="players-list"
    >
      <li>
        <a
          href="/players/1"
        >
          Ben E. Jetts
        </a>
      </li>
      <li>
        <a
          href="/players/12"
        >
          Betty Grey
        </a>
      </li>
      <li>
        <a
          href="/players/7"
        >
          Bud E. Guy
        </a>
      </li>
      <li>
        <a
          href="/players/8"
        >
          Buster Rimes
        </a>
      </li>
      <li>
        <a
          href="/players/9"
        >
          Deb E. Downer
        </a>
      </li>
      <li>
        <a
          href="/players/13"
        >
          Dwayne Elizondo Mountain Dew Herbert Camacho
        </a>
      </li>
      <li>
        <a
          href="/players/15"
        >
          Frito Pendejo
        </a>
      </li>
      <li>
        <a
          href="/players/5"
        >
          Gary Coolman
        </a>
      </li>
      <li>
        <a
          href="/players/2"
        >
          Hans Olo
        </a>
      </li>
      <li>
        <a
          href="/players/10"
        >
          Jayne Phonda
        </a>
      </li>
      <li>
        <a
          href="/players/14"
        >
          Joe Bauers
        </a>
      </li>
      <li>
        <a
          href="/players/11"
        >
          Kara Whollot
        </a>
      </li>
      <li>
        <a
          href="/players/3"
        >
          Ron Long
        </a>
      </li>
      <li>
        <a
          href="/players/4"
        >
          Shorty Biggum
        </a>
      </li>
      <li>
        <a
          href="/players/6"
        >
          Terry Cruise
        </a>
      </li>
    </ul>
  </section>
</div>
`;
