// Jest Snapshot v1, https://goo.gl/fbAQLP

exports[`should render a list of the players 1`] = `
<div>
  <section>
    <p>
      <a
        href="/"
      >
        Back to Homepage
      </a>
    </p>
    <ul
      aria-label="Player List"
      class="players-list"
    >
      <li>
        <a
          href="/players/1"
        >
          Johnny Baseball
        </a>
      </li>
    </ul>
  </section>
</div>
`;
