// Jest Snapshot v1, https://goo.gl/fbAQLP

exports[`should render a list of the teams 1`] = `
<div>
  <section
    class="team-container"
  >
    <p
      class="link-back"
    >
      <a
        href="/"
      >
        Back to Homepage
      </a>
    </p>
    <p>
      <a
        href="/teams/new"
      >
        Add a Team
      </a>
    </p>
    <ul
      aria-label="Team List"
      class="team-list"
    >
      <li>
        <a
          href="/teams/1"
        >
          Bridge City Sneakers
        </a>
      </li>
      <li>
        <a
          href="/teams/3"
        >
          Eureka, I Found My Keys
        </a>
      </li>
      <li>
        <a
          href="/teams/2"
        >
          Seattle Garages
        </a>
      </li>
      <li>
        <a
          href="/teams/4"
        >
          Yachats Red Hots
        </a>
      </li>
      <li>
        <a
          href="/teams/5"
        >
          test name
        </a>
      </li>
      <li>
        <a
          href="/teams/6"
        >
          test name
        </a>
      </li>
    </ul>
  </section>
</div>
`;
