// Jest Snapshot v1, https://goo.gl/fbAQLP

exports[`should render a list of the teams 1`] = `
<div>
  <section>
    <p>
      <a
        href="/"
      >
        Back to Homepage
      </a>
    </p>
    <ul
      aria-label="Team List"
      class="team-list"
    >
      <li>
        <a
          href="/teams/10"
        >
          Acme USA
        </a>
      </li>
      <li>
        <a
          href="/teams/1"
        >
          Bridge City Sneakers
        </a>
      </li>
      <li>
        <a
          href="/teams/3"
        >
          Lakeville Thunderfeet
        </a>
      </li>
      <li>
        <a
          href="/teams/4"
        >
          Mt. Hoodies
        </a>
      </li>
      <li>
        <a
          href="/teams/2"
        >
          Stumptown Lumberjacks
        </a>
      </li>
      <li>
        <a
          href="/teams/5"
        >
          Vancougers
        </a>
      </li>
    </ul>
  </section>
</div>
`;
